src/components/shared.tsx(160,18): error TS7016: Could not find a declaration file for module 'react-native-vector-icons/Ionicons'. 'D:/Suneesh/fintrack/node_modules/react-native-vector-icons/Ionicons.js' implicitly has an 'any' type.
  Try `npm i --save-dev @types/react-native-vector-icons` if it exists or add a new declaration (.d.ts) file containing `declare module 'react-native-vector-icons/Ionicons';`
src/navigation/AppNavigator.tsx(10,18): error TS7016: Could not find a declaration file for module 'react-native-vector-icons/Ionicons'. 'D:/Suneesh/fintrack/node_modules/react-native-vector-icons/Ionicons.js' implicitly has an 'any' type.
  Try `npm i --save-dev @types/react-native-vector-icons` if it exists or add a new declaration (.d.ts) file containing `declare module 'react-native-vector-icons/Ionicons';`
src/screens/Accounts/AccountsScreen.tsx(12,18): error TS7016: Could not find a declaration file for module 'react-native-vector-icons/Ionicons'. 'D:/Suneesh/fintrack/node_modules/react-native-vector-icons/Ionicons.js' implicitly has an 'any' type.
  Try `npm i --save-dev @types/react-native-vector-icons` if it exists or add a new declaration (.d.ts) file containing `declare module 'react-native-vector-icons/Ionicons';`
src/screens/Accounts/AccountTransactionsScreen.tsx(23,18): error TS7016: Could not find a declaration file for module 'react-native-vector-icons/Ionicons'. 'D:/Suneesh/fintrack/node_modules/react-native-vector-icons/Ionicons.js' implicitly has an 'any' type.
  Try `npm i --save-dev @types/react-native-vector-icons` if it exists or add a new declaration (.d.ts) file containing `declare module 'react-native-vector-icons/Ionicons';`
src/screens/Bills/BillsScreen.tsx(6,18): error TS7016: Could not find a declaration file for module 'react-native-vector-icons/Ionicons'. 'D:/Suneesh/fintrack/node_modules/react-native-vector-icons/Ionicons.js' implicitly has an 'any' type.
  Try `npm i --save-dev @types/react-native-vector-icons` if it exists or add a new declaration (.d.ts) file containing `declare module 'react-native-vector-icons/Ionicons';`
src/screens/Budget/BudgetScreen.tsx(90,22): error TS2339: Property 'recalculateCardBalance' does not exist on type 'AccountStore'.
src/screens/Dashboard/DashboardScreen.tsx(17,18): error TS7016: Could not find a declaration file for module 'react-native-vector-icons/Ionicons'. 'D:/Suneesh/fintrack/node_modules/react-native-vector-icons/Ionicons.js' implicitly has an 'any' type.
  Try `npm i --save-dev @types/react-native-vector-icons` if it exists or add a new declaration (.d.ts) file containing `declare module 'react-native-vector-icons/Ionicons';`
src/screens/Dashboard/DashboardScreen.tsx(983,70): error TS2551: Property 'primaryDim' does not exist on type '{ bg: string; bgCard: string; bgCardAlt: string; bgElevated: string; bgGlass: string; primary: string; primaryLight: string; primaryDark: string; primaryGlow: string; success: string; successDim: string; ... 19 more ...; gradientDark: string[]; }'. Did you mean 'primary'?
src/screens/EMI/EMIScreen.tsx(6,18): error TS7016: Could not find a declaration file for module 'react-native-vector-icons/Ionicons'. 'D:/Suneesh/fintrack/node_modules/react-native-vector-icons/Ionicons.js' implicitly has an 'any' type.
  Try `npm i --save-dev @types/react-native-vector-icons` if it exists or add a new declaration (.d.ts) file containing `declare module 'react-native-vector-icons/Ionicons';`
src/screens/Payments/PaymentsScreen.tsx(6,18): error TS7016: Could not find a declaration file for module 'react-native-vector-icons/Ionicons'. 'D:/Suneesh/fintrack/node_modules/react-native-vector-icons/Ionicons.js' implicitly has an 'any' type.
  Try `npm i --save-dev @types/react-native-vector-icons` if it exists or add a new declaration (.d.ts) file containing `declare module 'react-native-vector-icons/Ionicons';`
src/screens/Payments/RDScreen.tsx(10,18): error TS7016: Could not find a declaration file for module 'react-native-vector-icons/Ionicons'. 'D:/Suneesh/fintrack/node_modules/react-native-vector-icons/Ionicons.js' implicitly has an 'any' type.
  Try `npm i --save-dev @types/react-native-vector-icons` if it exists or add a new declaration (.d.ts) file containing `declare module 'react-native-vector-icons/Ionicons';`
src/screens/Payments/RDScreen.tsx(193,29): error TS2551: Property 'primaryDim' does not exist on type '{ bg: string; bgCard: string; bgCardAlt: string; bgElevated: string; bgGlass: string; primary: string; primaryLight: string; primaryDark: string; primaryGlow: string; success: string; successDim: string; ... 19 more ...; gradientDark: string[]; }'. Did you mean 'primary'?
src/screens/Vehicles/VehicleDetailScreen.tsx(268,112): error TS2769: No overload matches this call.
  Overload 1 of 4, '(value: string | number | Date): Date', gave the following error.
    Argument of type 'Date | null' is not assignable to parameter of type 'string | number | Date'.
      Type 'null' is not assignable to type 'string | number | Date'.
  Overload 2 of 4, '(value: string | number): Date', gave the following error.
    Argument of type 'Date | null' is not assignable to parameter of type 'string | number'.
      Type 'null' is not assignable to type 'string | number'.
src/screens/Vehicles/VehicleScreen.tsx(57,33): error TS2345: Argument of type '{ name: string; regNumber: string; odometer: number; insuranceDue: Date; loanId: string | undefined; nextServiceDate: Date | null; nextServiceKm: number | null; }' is not assignable to parameter of type '{ name: string; regNumber: string; odometer: number; insuranceDue: Date; loanId?: string | undefined; nextServiceDate?: Date | undefined; nextServiceKm?: number | undefined; }'.
  Types of property 'nextServiceDate' are incompatible.
    Type 'Date | null' is not assignable to type 'Date | undefined'.
      Type 'null' is not assignable to type 'Date | undefined'.
src/screens/Wealth/WealthScreen.tsx(819,33): error TS2551: Property 'paymentHint' does not exist on type '{ container: { flex: number; backgroundColor: string; }; tabBar: { borderBottomWidth: number; borderBottomColor: string; maxHeight: number; }; tabBarContent: { paddingHorizontal: number; gap: number; alignItems: "center"; }; ... 81 more ...; paymentChipSub: { ...; }; }'. Did you mean 'paymentChip'?
src/stores/AccountStore.ts(32,32): error TS2353: Object literal may only specify known properties, and 'root' does not exist in type 'AnnotationsMap<this, never>'.
src/stores/AuthStore.ts(21,32): error TS2353: Object literal may only specify known properties, and 'root' does not exist in type 'AnnotationsMap<this, never>'.
src/stores/BudgetStore.ts(22,32): error TS2353: Object literal may only specify known properties, and 'root' does not exist in type 'AnnotationsMap<this, never>'.
src/stores/JointVentureStore.ts(18,32): error TS2353: Object literal may only specify known properties, and 'root' does not exist in type 'AnnotationsMap<this, never>'.
src/stores/JointVentureStore.ts(27,42): error TS7006: Parameter 'p' implicitly has an 'any' type.
src/stores/JointVentureStore.ts(64,53): error TS7006: Parameter 'p' implicitly has an 'any' type.
src/stores/JointVentureStore.ts(70,32): error TS7006: Parameter 'mem' implicitly has an 'any' type.
src/stores/JointVentureStore.ts(86,42): error TS7006: Parameter 'c' implicitly has an 'any' type.
src/stores/LoanStore.ts(19,32): error TS2353: Object literal may only specify known properties, and 'root' does not exist in type 'AnnotationsMap<this, never>'.
src/stores/LoanStore.ts(69,29): error TS7006: Parameter 'l' implicitly has an 'any' type.
src/stores/VehicleStore.ts(17,32): error TS2353: Object literal may only specify known properties, and 'root' does not exist in type 'AnnotationsMap<this, never>'.
src/stores/VehicleStore.ts(31,20): error TS7006: Parameter 'l' implicitly has an 'any' type.
src/stores/VehicleStore.ts(39,23): error TS7006: Parameter 'h' implicitly has an 'any' type.
src/stores/WealthStore.ts(18,32): error TS2353: Object literal may only specify known properties, and 'root' does not exist in type 'AnnotationsMap<this, never>'.
src/stores/WealthStore.ts(63,30): error TS7006: Parameter 's' implicitly has an 'any' type.
src/stores/WealthStore.ts(78,26): error TS7006: Parameter 's' implicitly has an 'any' type.
src/stores/WealthStore.ts(93,29): error TS7006: Parameter 'g' implicitly has an 'any' type.
src/stores/WealthStore.ts(121,25): error TS7006: Parameter 'g' implicitly has an 'any' type.
src/stores/WealthStore.ts(135,31): error TS7006: Parameter 'c' implicitly has an 'any' type.
src/stores/WealthStore.ts(165,27): error TS7006: Parameter 'c' implicitly has an 'any' type.
